Archive member included to satisfy reference by file (symbol)

C:/ST/STM32CubeIDE_1.14.1/STM32CubeIDE/plugins/com.st.stm32cube.ide.mcu.externaltools.gnu-tools-for-stm32.12.3.rel1.win32_1.0.100.202403111256/tools/bin/../lib/gcc/arm-none-eabi/12.3.1/../../../../arm-none-eabi/lib/thumb/v7e-m+fp/hard\libc_nano.a(libc_a-exit.o)
                              C:/ST/STM32CubeIDE_1.14.1/STM32CubeIDE/plugins/com.st.stm32cube.ide.mcu.externaltools.gnu-tools-for-stm32.12.3.rel1.win32_1.0.100.202403111256/tools/bin/../lib/gcc/arm-none-eabi/12.3.1/../../../../arm-none-eabi/lib/thumb/v7e-m+fp/hard/crt0.o (exit)
C:/ST/STM32CubeIDE_1.14.1/STM32CubeIDE/plugins/com.st.stm32cube.ide.mcu.externaltools.gnu-tools-for-stm32.12.3.rel1.win32_1.0.100.202403111256/tools/bin/../lib/gcc/arm-none-eabi/12.3.1/../../../../arm-none-eabi/lib/thumb/v7e-m+fp/hard\libc_nano.a(libc_a-findfp.o)
                              C:/ST/STM32CubeIDE_1.14.1/STM32CubeIDE/plugins/com.st.stm32cube.ide.mcu.externaltools.gnu-tools-for-stm32.12.3.rel1.win32_1.0.100.202403111256/tools/bin/../lib/gcc/arm-none-eabi/12.3.1/../../../../arm-none-eabi/lib/thumb/v7e-m+fp/hard\libc_nano.a(libc_a-exit.o) (__stdio_exit_handler)
C:/ST/STM32CubeIDE_1.14.1/STM32CubeIDE/plugins/com.st.stm32cube.ide.mcu.externaltools.gnu-tools-for-stm32.12.3.rel1.win32_1.0.100.202403111256/tools/bin/../lib/gcc/arm-none-eabi/12.3.1/../../../../arm-none-eabi/lib/thumb/v7e-m+fp/hard\libc_nano.a(libc_a-fwalk.o)
                              C:/ST/STM32CubeIDE_1.14.1/STM32CubeIDE/plugins/com.st.stm32cube.ide.mcu.externaltools.gnu-tools-for-stm32.12.3.rel1.win32_1.0.100.202403111256/tools/bin/../lib/gcc/arm-none-eabi/12.3.1/../../../../arm-none-eabi/lib/thumb/v7e-m+fp/hard\libc_nano.a(libc_a-findfp.o) (_fwalk_sglue)
C:/ST/STM32CubeIDE_1.14.1/STM32CubeIDE/plugins/com.st.stm32cube.ide.mcu.externaltools.gnu-tools-for-stm32.12.3.rel1.win32_1.0.100.202403111256/tools/bin/../lib/gcc/arm-none-eabi/12.3.1/../../../../arm-none-eabi/lib/thumb/v7e-m+fp/hard\libc_nano.a(libc_a-stdio.o)
                              C:/ST/STM32CubeIDE_1.14.1/STM32CubeIDE/plugins/com.st.stm32cube.ide.mcu.externaltools.gnu-tools-for-stm32.12.3.rel1.win32_1.0.100.202403111256/tools/bin/../lib/gcc/arm-none-eabi/12.3.1/../../../../arm-none-eabi/lib/thumb/v7e-m+fp/hard\libc_nano.a(libc_a-findfp.o) (__sread)
C:/ST/STM32CubeIDE_1.14.1/STM32CubeIDE/plugins/com.st.stm32cube.ide.mcu.externaltools.gnu-tools-for-stm32.12.3.rel1.win32_1.0.100.202403111256/tools/bin/../lib/gcc/arm-none-eabi/12.3.1/../../../../arm-none-eabi/lib/thumb/v7e-m+fp/hard\libc_nano.a(libc_a-memcmp.o)
                              ./Core/Src/COM/Com.o (memcmp)
C:/ST/STM32CubeIDE_1.14.1/STM32CubeIDE/plugins/com.st.stm32cube.ide.mcu.externaltools.gnu-tools-for-stm32.12.3.rel1.win32_1.0.100.202403111256/tools/bin/../lib/gcc/arm-none-eabi/12.3.1/../../../../arm-none-eabi/lib/thumb/v7e-m+fp/hard\libc_nano.a(libc_a-memset.o)
                              C:/ST/STM32CubeIDE_1.14.1/STM32CubeIDE/plugins/com.st.stm32cube.ide.mcu.externaltools.gnu-tools-for-stm32.12.3.rel1.win32_1.0.100.202403111256/tools/bin/../lib/gcc/arm-none-eabi/12.3.1/../../../../arm-none-eabi/lib/thumb/v7e-m+fp/hard/crt0.o (memset)
C:/ST/STM32CubeIDE_1.14.1/STM32CubeIDE/plugins/com.st.stm32cube.ide.mcu.externaltools.gnu-tools-for-stm32.12.3.rel1.win32_1.0.100.202403111256/tools/bin/../lib/gcc/arm-none-eabi/12.3.1/../../../../arm-none-eabi/lib/thumb/v7e-m+fp/hard\libc_nano.a(libc_a-closer.o)
                              C:/ST/STM32CubeIDE_1.14.1/STM32CubeIDE/plugins/com.st.stm32cube.ide.mcu.externaltools.gnu-tools-for-stm32.12.3.rel1.win32_1.0.100.202403111256/tools/bin/../lib/gcc/arm-none-eabi/12.3.1/../../../../arm-none-eabi/lib/thumb/v7e-m+fp/hard\libc_nano.a(libc_a-stdio.o) (_close_r)
C:/ST/STM32CubeIDE_1.14.1/STM32CubeIDE/plugins/com.st.stm32cube.ide.mcu.externaltools.gnu-tools-for-stm32.12.3.rel1.win32_1.0.100.202403111256/tools/bin/../lib/gcc/arm-none-eabi/12.3.1/../../../../arm-none-eabi/lib/thumb/v7e-m+fp/hard\libc_nano.a(libc_a-reent.o)
                              C:/ST/STM32CubeIDE_1.14.1/STM32CubeIDE/plugins/com.st.stm32cube.ide.mcu.externaltools.gnu-tools-for-stm32.12.3.rel1.win32_1.0.100.202403111256/tools/bin/../lib/gcc/arm-none-eabi/12.3.1/../../../../arm-none-eabi/lib/thumb/v7e-m+fp/hard\libc_nano.a(libc_a-closer.o) (errno)
C:/ST/STM32CubeIDE_1.14.1/STM32CubeIDE/plugins/com.st.stm32cube.ide.mcu.externaltools.gnu-tools-for-stm32.12.3.rel1.win32_1.0.100.202403111256/tools/bin/../lib/gcc/arm-none-eabi/12.3.1/../../../../arm-none-eabi/lib/thumb/v7e-m+fp/hard\libc_nano.a(libc_a-impure.o)
                              C:/ST/STM32CubeIDE_1.14.1/STM32CubeIDE/plugins/com.st.stm32cube.ide.mcu.externaltools.gnu-tools-for-stm32.12.3.rel1.win32_1.0.100.202403111256/tools/bin/../lib/gcc/arm-none-eabi/12.3.1/../../../../arm-none-eabi/lib/thumb/v7e-m+fp/hard\libc_nano.a(libc_a-reent.o) (_impure_ptr)
[...]
Memory Configuration

Name             Origin             Length             Attributes
CCMRAM           0x10000000         0x00004000         xrw
RAM              0x20000000         0x00010000         xrw
FLASH            0x08000000         0x00080000         xr
*default*        0x00000000         0xffffffff

Linker script and memory map

LOAD C:/ST/STM32CubeIDE_1.14.1/STM32CubeIDE/plugins/com.st.stm32cube.ide.mcu.externaltools.gnu-tools-for-stm32.12.3.rel1.win32_1.0.100.202403111256/tools/bin/../lib/gcc/arm-none-eabi/12.3.1/thumb/v7e-m+fp/hard/crti.o
LOAD C:/ST/STM32CubeIDE_1.14.1/STM32CubeIDE/plugins/com.st.stm32cube.ide.mcu.externaltools.gnu-tools-for-stm32.12.3.rel1.win32_1.0.100.202403111256/tools/bin/../lib/gcc/arm-none-eabi/12.3.1/thumb/v7e-m+fp/hard/crtbegin.o
LOAD C:/ST/STM32CubeIDE_1.14.1/STM32CubeIDE/plugins/com.st.stm32cube.ide.mcu.externaltools.gnu-tools-for-stm32.12.3.rel1.win32_1.0.100.202403111256/tools/bin/../lib/gcc/arm-none-eabi/12.3.1/../../../../arm-none-eabi/lib/thumb/v7e-m+fp/hard/crt0.o
LOAD ./Core/Src/COM/Com.o
LOAD ./Core/Src/COM/Com_Cfg.o
LOAD ./Core/Src/COM/Com_PBCfg.o
LOAD ./Core/Src/COM/Std_Types.o
LOAD ./Core/Src/Can/Can.o
LOAD ./Core/Src/main.o
LOAD ./Core/Src/stm32f3xx_hal_msp.o
LOAD ./Core/Src/stm32f3xx_it.o
LOAD ./Core/Src/syscalls.o
LOAD ./Core/Src/sysmem.o
LOAD ./Core/Src/system_stm32f3xx.o
LOAD ./Core/Startup/startup_stm32f303retx.o
LOAD ./Drivers/STM32F3xx_HAL_Driver/Src/stm32f3xx_hal.o
LOAD ./Drivers/STM32F3xx_HAL_Driver/Src/stm32f3xx_hal_can.o
LOAD ./Drivers/STM32F3xx_HAL_Driver/Src/stm32f3xx_hal_cortex.o
LOAD ./Drivers/STM32F3xx_HAL_Driver/Src/stm32f3xx_hal_dma.o
LOAD ./Drivers/STM32F3xx_HAL_Driver/Src/stm32f3xx_hal_exti.o
LOAD ./Drivers/STM32F3xx_HAL_Driver/Src/stm32f3xx_hal_flash.o
LOAD ./Drivers/STM32F3xx_HAL_Driver/Src/stm32f3xx_hal_flash_ex.o
LOAD ./Drivers/STM32F3xx_HAL_Driver/Src/stm32f3xx_hal_gpio.o
LOAD ./Drivers/STM32F3xx_HAL_Driver/Src/stm32f3xx_hal_i2c.o
LOAD ./Drivers/STM32F3xx_HAL_Driver/Src/stm32f3xx_hal_i2c_ex.o
LOAD ./Drivers/STM32F3xx_HAL_Driver/Src/stm32f3xx_hal_pwr.o
LOAD ./Drivers/STM32F3xx_HAL_Driver/Src/stm32f3xx_hal_pwr_ex.o
LOAD ./Drivers/STM32F3xx_HAL_Driver/Src/stm32f3xx_hal_rcc.o
LOAD ./Drivers/STM32F3xx_HAL_Driver/Src/stm32f3xx_hal_rcc_ex.o
LOAD ./Drivers/STM32F3xx_HAL_Driver/Src/stm32f3xx_hal_spi.o
LOAD ./Drivers/STM32F3xx_HAL_Driver/Src/stm32f3xx_hal_spi_ex.o
LOAD ./Drivers/STM32F3xx_HAL_Driver/Src/stm32f3xx_hal_tim.o
LOAD ./Drivers/STM32F3xx_HAL_Driver/Src/stm32f3xx_hal_tim_ex.o
LOAD ./Drivers/STM32F3xx_HAL_Driver/Src/stm32f3xx_hal_uart.o
LOAD ./Drivers/STM32F3xx_HAL_Driver/Src/stm32f3xx_hal_uart_ex.o
START GROUP
LOAD C:/ST/STM32CubeIDE_1.14.1/STM32CubeIDE/plugins/com.st.stm32cube.ide.mcu.externaltools.gnu-tools-for-stm32.12.3.rel1.win32_1.0.100.202403111256/tools/bin/../lib/gcc/arm-none-eabi/12.3.1/../../../../arm-none-eabi/lib/thumb/v7e-m+fp/hard\libc_nano.a
LOAD C:/ST/STM32CubeIDE_1.14.1/STM32CubeIDE/plugins/com.st.stm32cube.ide.mcu.externaltools.gnu-tools-for-stm32.12.3.rel1.win32_1.0.100.202403111256/tools/bin/../lib/gcc/arm-none-eabi/12.3.1/../../../../arm-none-eabi/lib/thumb/v7e-m+fp/hard\libm.a
END GROUP
START GROUP
LOAD C:/ST/STM32CubeIDE_1.14.1/STM32CubeIDE/plugins/com.st.stm32cube.ide.mcu.externaltools.gnu-tools-for-stm32.12.3.rel1.win32_1.0.100.202403111256/tools/bin/../lib/gcc/arm-none-eabi/12.3.1/thumb/v7e-m+fp/hard\libgcc.a
LOAD C:/ST/STM32CubeIDE_1.14.1/STM32CubeIDE/plugins/com.st.stm32cube.ide.mcu.externaltools.gnu-tools-for-stm32.12.3.rel1.win32_1.0.100.202403111256/tools/bin/../lib/gcc/arm-none-eabi/12.3.1/../../../../arm-none-eabi/lib/thumb/v7e-m+fp/hard\libc_nano.a
END GROUP
START GROUP
LOAD C:/ST/STM32CubeIDE_1.14.1/STM32CubeIDE/plugins/com.st.stm32cube.ide.mcu.externaltools.gnu-tools-for-stm32.12.3.rel1.win32_1.0.100.202403111256/tools/bin/../lib/gcc/arm-none-eabi/12.3.1/thumb/v7e-m+fp/hard\libgcc.a
LOAD C:/ST/STM32CubeIDE_1.14.1/STM32CubeIDE/plugins/com.st.stm32cube.ide.mcu.externaltools.gnu-tools-for-stm32.12.3.rel1.win32_1.0.100.202403111256/tools/bin/../lib/gcc/arm-none-eabi/12.3.1/../../../../arm-none-eabi/lib/thumb/v7e-m+fp/hard\libc_nano.a
LOAD C:/ST/STM32CubeIDE_1.14.1/STM32CubeIDE/plugins/com.st.stm32cube.ide.mcu.externaltools.gnu-tools-for-stm32.12.3.rel1.win32_1.0.100.202403111256/tools/bin/../lib/gcc/arm-none-eabi/12.3.1/../../../../arm-none-eabi/lib/thumb/v7e-m+fp/hard\libnosys.a
END GROUP
START GROUP
LOAD C:/ST/STM32CubeIDE_1.14.1/STM32CubeIDE/plugins/com.st.stm32cube.ide.mcu.externaltools.gnu-tools-for-stm32.12.3.rel1.win32_1.0.100.202403111256/tools/bin/../lib/gcc/arm-none-eabi/12.3.1/thumb/v7e-m+fp/hard\libgcc.a
LOAD C:/ST/STM32CubeIDE_1.14.1/STM32CubeIDE/plugins/com.st.stm32cube.ide.mcu.externaltools.gnu-tools-for-stm32.12.3.rel1.win32_1.0.100.202403111256/tools/bin/../lib/gcc/arm-none-eabi/12.3.1/../../../../arm-none-eabi/lib/thumb/v7e-m+fp/hard\libc_nano.a
LOAD C:/ST/STM32CubeIDE_1.14.1/STM32CubeIDE/plugins/com.st.stm32cube.ide.mcu.externaltools.gnu-tools-for-stm32.12.3.rel1.win32_1.0.100.202403111256/tools/bin/../lib/gcc/arm-none-eabi/12.3.1/../../../../arm-none-eabi/lib/thumb/v7e-m+fp/hard\libnosys.a
END GROUP
LOAD C:/ST/STM32CubeIDE_1.14.1/STM32CubeIDE/plugins/com.st.stm32cube.ide.mcu.externaltools.gnu-tools-for-stm32.12.3.rel1.win32_1.0.100.202403111256/tools/bin/../lib/gcc/arm-none-eabi/12.3.1/thumb/v7e-m+fp/hard/crtend.o
LOAD C:/ST/STM32CubeIDE_1.14.1/STM32CubeIDE/plugins/com.st.stm32cube.ide.mcu.externaltools.gnu-tools-for-stm32.12.3.rel1.win32_1.0.100.202403111256/tools/bin/../lib/gcc/arm-none-eabi/12.3.1/thumb/v7e-m+fp/hard/crtn.o
                0x20010000                        _estack = (ORIGIN (RAM) + LENGTH (RAM))
                0x00000200                        _Min_Heap_Size = 0x200
                0x00000400                        _Min_Stack_Size = 0x400

.isr_vector     0x08000000      0x194
                0x08000000                        . = ALIGN (0x4)
 *(.isr_vector)
 .isr_vector    0x08000000      0x194 ./Core/Startup/startup_stm32f303retx.o
                0x08000000                g_pfnVectors
                0x08000194                        . = ALIGN (0x4)

.text           0x08000194     0x4950
                0x08000194                        . = ALIGN (0x4)
 *(.text)
 .text          0x08000194       0x40 C:/ST/STM32CubeIDE_1.14.1/STM32CubeIDE/plugins/com.st.stm32cube.ide.mcu.externaltools.gnu-tools-for-stm32.12.3.rel1.win32_1.0.100.202403111256/tools/bin/../lib/gcc/arm-none-eabi/12.3.1/thumb/v7e-m+fp/hard/crtbegin.o
 *(.text*)
 .text.Com_Init
                0x080001d4      0x244 ./Core/Src/COM/Com.o
                0x080001d4                Com_Init
 .text.Com_GetStatus
                0x08000418       0x18 ./Core/Src/COM/Com.o
                0x08000418                Com_GetStatus
 .text.Com_SendSignal
                0x08000430      0x190 ./Core/Src/COM/Com.o
                0x08000430                Com_SendSignal
 .text.Com_WriteData
                0x080005c0      0x214 ./Core/Src/COM/Com.o
                0x080005c0                Com_WriteData
 .text.Com_BufferLocked
                0x080007d4       0x34 ./Core/Src/COM/Com.o
                0x080007d4                Com_BufferLocked
 .text.Com_WriteToPDU
                0x08000808      0x3d0 ./Core/Src/COM/Com.o
                0x08000808                Com_WriteToPDU
 .text.Com_GetByteOffset
                0x08000bd8       0x3a ./Core/Src/COM/Com.o
                0x08000bd8                Com_GetByteOffset
 .text.Det_ReportError
                0x08000c12       0x12 ./Core/Src/COM/Std_Types.o
                0x08000c12                Det_ReportError
 .text.Can_Write
                0x08000c24       0x54 ./Core/Src/Can/Can.o
                0x08000c24                Can_Write
 .text.Can_Init
                0x08000c78       0x74 ./Core/Src/Can/Can.o
                0x08000c78                Can_Init
 .text.HAL_SPI_RxCpltCallback
                0x08000cec       0x28 ./Core/Src/main.o
                0x08000cec                HAL_SPI_RxCpltCallback
 .text.main     0x08000d14       0x74 ./Core/Src/main.o
                0x08000d14                main
 .text.SystemClock_Config
                0x08000d88       0xb6 ./Core/Src/main.o
                0x08000d88                SystemClock_Config
 *fill*         0x08000e3e        0x2 
 .text.MX_SPI2_Init
                0x08000e40       0x74 ./Core/Src/main.o
 .text.MX_USART2_UART_Init
                0x08000eb4       0x60 ./Core/Src/main.o
 .text.MX_GPIO_Init
                0x08000f14       0xcc ./Core/Src/main.o
 .text.Error_Handler
                0x08000fe0        0xc ./Core/Src/main.o
                0x08000fe0                Error_Handler
 .text.HAL_MspInit
                0x08000fec       0x48 ./Core/Src/stm32f3xx_hal_msp.o
                0x08000fec                HAL_MspInit
 .text.HAL_SPI_MspInit
                0x08001034       0x98 ./Core/Src/stm32f3xx_hal_msp.o
                0x08001034                HAL_SPI_MspInit
 .text.HAL_UART_MspInit
                0x080010cc       0x84 ./Core/Src/stm32f3xx_hal_msp.o
                0x080010cc                HAL_UART_MspInit
 .text.NMI_Handler
                0x08001150        0x8 ./Core/Src/stm32f3xx_it.o
                0x08001150                NMI_Handler
 .text.HardFault_Handler
                0x08001158        0x8 ./Core/Src/stm32f3xx_it.o
                0x08001158                HardFault_Handler
 .text.MemManage_Handler
                0x08001160        0x8 ./Core/Src/stm32f3xx_it.o
                0x08001160                MemManage_Handler
 .text.BusFault_Handler
                0x08001168        0x8 ./Core/Src/stm32f3xx_it.o
                0x08001168                BusFault_Handler
 .text.UsageFault_Handler
                0x08001170        0x8 ./Core/Src/stm32f3xx_it.o
                0x08001170                UsageFault_Handler
 .text.SVC_Handler
                0x08001178        0xe ./Core/Src/stm32f3xx_it.o
                0x08001178                SVC_Handler
 .text.DebugMon_Handler
                0x08001186        0xe ./Core/Src/stm32f3xx_it.o
                0x08001186                DebugMon_Handler
 .text.PendSV_Handler
                0x08001194        0xe ./Core/Src/stm32f3xx_it.o
                0x08001194                PendSV_Handler
 .text.SysTick_Handler
                0x080011a2        0xc ./Core/Src/stm32f3xx_it.o
                0x080011a2                SysTick_Handler
 *fill*         0x080011ae        0x2 
 .text.SPI2_IRQHandler
                0x080011b0       0x14 ./Core/Src/stm32f3xx_it.o
                0x080011b0                SPI2_IRQHandler
 .text.SystemInit
                0x080011c4       0x24 ./Core/Src/system_stm32f3xx.o
                0x080011c4                SystemInit
 .text.Reset_Handler
                0x080011e8       0x50 ./Core/Startup/startup_stm32f303retx.o
                0x080011e8                Reset_Handler
 .text.Default_Handler
                0x08001238        0x2 ./Core/Startup/startup_stm32f303retx.o
                0x08001238                RTC_Alarm_IRQHandler
                0x08001238                TIM8_TRG_COM_IRQHandler
                0x08001238                TIM8_CC_IRQHandler
                0x08001238                SPI4_IRQHandler
                0x08001238                TIM1_CC_IRQHandler
                0x08001238                USB_HP_IRQHandler
                0x08001238                PVD_IRQHandler
                0x08001238                TAMP_STAMP_IRQHandler
                0x08001238                EXTI3_IRQHandler
                0x08001238                I2C3_ER_IRQHandler
                0x08001238                USB_HP_CAN_TX_IRQHandler
                0x08001238                EXTI0_IRQHandler
                0x08001238                I2C2_EV_IRQHandler
                0x08001238                FPU_IRQHandler
                0x08001238                TIM1_UP_TIM16_IRQHandler
                0x08001238                ADC1_2_IRQHandler
                0x08001238                SPI1_IRQHandler
                0x08001238                CAN_SCE_IRQHandler
                0x08001238                TIM6_DAC_IRQHandler
                0x08001238                TIM8_UP_IRQHandler
                0x08001238                DMA2_Channel2_IRQHandler
                0x08001238                DMA1_Channel4_IRQHandler
                0x08001238                TIM20_TRG_COM_IRQHandler
                0x08001238                USART3_IRQHandler
                0x08001238                DMA1_Channel7_IRQHandler
                0x08001238                UART5_IRQHandler
                0x08001238                ADC3_IRQHandler
                0x08001238                TIM4_IRQHandler
                0x08001238                CAN_RX1_IRQHandler
                0x08001238                DMA2_Channel1_IRQHandler
                0x08001238                I2C1_EV_IRQHandler
                0x08001238                DMA1_Channel6_IRQHandler
                0x08001238                UART4_IRQHandler
                0x08001238                DMA2_Channel4_IRQHandler
                0x08001238                TIM3_IRQHandler
                0x08001238                RCC_IRQHandler
                0x08001238                TIM20_UP_IRQHandler
                0x08001238                DMA1_Channel1_IRQHandler
                0x08001238                Default_Handler
                0x08001238                USBWakeUp_RMP_IRQHandler
                0x08001238                EXTI15_10_IRQHandler
                0x08001238                TIM7_IRQHandler
                0x08001238                I2C3_EV_IRQHandler
                0x08001238                EXTI9_5_IRQHandler
                0x08001238                RTC_WKUP_IRQHandler
                0x08001238                USB_LP_CAN_RX0_IRQHandler
                0x08001238                DMA2_Channel5_IRQHandler
                0x08001238                DMA1_Channel5_IRQHandler
                0x08001238                USB_LP_IRQHandler
                0x08001238                EXTI4_IRQHandler
                0x08001238                TIM1_TRG_COM_TIM17_IRQHandler
                0x08001238                DMA1_Channel3_IRQHandler
                0x08001238                ADC4_IRQHandler
                0x08001238                WWDG_IRQHandler
                0x08001238                TIM2_IRQHandler
                0x08001238                COMP7_IRQHandler
                0x08001238                COMP1_2_3_IRQHandler
                0x08001238                EXTI1_IRQHandler
                0x08001238                USART2_IRQHandler
                0x08001238                COMP4_5_6_IRQHandler
                0x08001238                TIM20_BRK_IRQHandler
                0x08001238                I2C2_ER_IRQHandler
                0x08001238                DMA1_Channel2_IRQHandler
                0x08001238                TIM8_BRK_IRQHandler
                0x08001238                FLASH_IRQHandler
                0x08001238                TIM20_CC_IRQHandler
                0x08001238                USART1_IRQHandler
                0x08001238                SPI3_IRQHandler
                0x08001238                I2C1_ER_IRQHandler
                0x08001238                FMC_IRQHandler
                0x08001238                USBWakeUp_IRQHandler
                0x08001238                DMA2_Channel3_IRQHandler
                0x08001238                EXTI2_TSC_IRQHandler
                0x08001238                TIM1_BRK_TIM15_IRQHandler
 *fill*         0x0800123a        0x2 
 .text.HAL_Init
                0x0800123c       0x2c ./Drivers/STM32F3xx_HAL_Driver/Src/stm32f3xx_hal.o
                0x0800123c                HAL_Init
 .text.HAL_InitTick
                0x08001268       0x60 ./Drivers/STM32F3xx_HAL_Driver/Src/stm32f3xx_hal.o
                0x08001268                HAL_InitTick
 .text.HAL_IncTick
                0x080012c8       0x28 ./Drivers/STM32F3xx_HAL_Driver/Src/stm32f3xx_hal.o
                0x080012c8                HAL_IncTick
 .text.HAL_GetTick
                0x080012f0       0x18 ./Drivers/STM32F3xx_HAL_Driver/Src/stm32f3xx_hal.o
                0x080012f0                HAL_GetTick
 .text.HAL_CAN_Start
                0x08001308       0x88 ./Drivers/STM32F3xx_HAL_Driver/Src/stm32f3xx_hal_can.o
                0x08001308                HAL_CAN_Start
 .text.HAL_CAN_AddTxMessage
                0x08001390      0x1a0 ./Drivers/STM32F3xx_HAL_Driver/Src/stm32f3xx_hal_can.o
                0x08001390                HAL_CAN_AddTxMessage
 .text.__NVIC_SetPriorityGrouping
                0x08001530       0x48 ./Drivers/STM32F3xx_HAL_Driver/Src/stm32f3xx_hal_cortex.o
 .text.__NVIC_GetPriorityGrouping
                0x08001578       0x1c ./Drivers/STM32F3xx_HAL_Driver/Src/stm32f3xx_hal_cortex.o
 .text.__NVIC_EnableIRQ
                0x08001594       0x3c ./Drivers/STM32F3xx_HAL_Driver/Src/stm32f3xx_hal_cortex.o
 .text.__NVIC_SetPriority
                0x080015d0       0x54 ./Drivers/STM32F3xx_HAL_Driver/Src/stm32f3xx_hal_cortex.o
 .text.NVIC_EncodePriority
                0x08001624       0x66 ./Drivers/STM32F3xx_HAL_Driver/Src/stm32f3xx_hal_cortex.o
 *fill*         0x0800168a        0x2 
 .text.SysTick_Config
                0x0800168c       0x44 ./Drivers/STM32F3xx_HAL_Driver/Src/stm32f3xx_hal_cortex.o
 .text.HAL_NVIC_SetPriorityGrouping
                0x080016d0       0x16 ./Drivers/STM32F3xx_HAL_Driver/Src/stm32f3xx_hal_cortex.o
                0x080016d0                HAL_NVIC_SetPriorityGrouping
 .text.HAL_NVIC_SetPriority
                0x080016e6       0x38 ./Drivers/STM32F3xx_HAL_Driver/Src/stm32f3xx_hal_cortex.o
                0x080016e6                HAL_NVIC_SetPriority
 .text.HAL_NVIC_EnableIRQ
                0x0800171e       0x1c ./Drivers/STM32F3xx_HAL_Driver/Src/stm32f3xx_hal_cortex.o
                0x0800171e                HAL_NVIC_EnableIRQ
 .text.HAL_SYSTICK_Config
                0x0800173a       0x18 ./Drivers/STM32F3xx_HAL_Driver/Src/stm32f3xx_hal_cortex.o
                0x0800173a                HAL_SYSTICK_Config
 .text.HAL_DMA_Abort_IT
                0x08001752       0x7c ./Drivers/STM32F3xx_HAL_Driver/Src/stm32f3xx_hal_dma.o
                0x08001752                HAL_DMA_Abort_IT
 *fill*         0x080017ce        0x2 
 .text.HAL_GPIO_Init
                0x080017d0      0x314 ./Drivers/STM32F3xx_HAL_Driver/Src/stm32f3xx_hal_gpio.o
                0x080017d0                HAL_GPIO_Init
 .text.HAL_GPIO_WritePin
                0x08001ae4       0x30 ./Drivers/STM32F3xx_HAL_Driver/Src/stm32f3xx_hal_gpio.o
                0x08001ae4                HAL_GPIO_WritePin
 .text.HAL_RCC_OscConfig
                0x08001b14     0x10a8 ./Drivers/STM32F3xx_HAL_Driver/Src/stm32f3xx_hal_rcc.o
                0x08001b14                HAL_RCC_OscConfig
 .text.HAL_RCC_ClockConfig
                0x08002bbc      0x2f8 ./Drivers/STM32F3xx_HAL_Driver/Src/stm32f3xx_hal_rcc.o
                0x08002bbc                HAL_RCC_ClockConfig
 .text.HAL_RCC_GetSysClockFreq
                0x08002eb4       0xd8 ./Drivers/STM32F3xx_HAL_Driver/Src/stm32f3xx_hal_rcc.o
                0x08002eb4                HAL_RCC_GetSysClockFreq
 .text.HAL_RCC_GetHCLKFreq
                0x08002f8c       0x18 ./Drivers/STM32F3xx_HAL_Driver/Src/stm32f3xx_hal_rcc.o
                0x08002f8c                HAL_RCC_GetHCLKFreq
 .text.HAL_RCC_GetPCLK1Freq
                0x08002fa4       0x44 ./Drivers/STM32F3xx_HAL_Driver/Src/stm32f3xx_hal_rcc.o
                0x08002fa4                HAL_RCC_GetPCLK1Freq
 .text.HAL_RCC_GetPCLK2Freq
                0x08002fe8       0x44 ./Drivers/STM32F3xx_HAL_Driver/Src/stm32f3xx_hal_rcc.o
                0x08002fe8                HAL_RCC_GetPCLK2Freq
 .text.HAL_RCCEx_PeriphCLKConfig
                0x0800302c      0x43c ./Drivers/STM32F3xx_HAL_Driver/Src/stm32f3xx_hal_rcc_ex.o
                0x0800302c                HAL_RCCEx_PeriphCLKConfig
 .text.HAL_SPI_Init
                0x08003468      0x156 ./Drivers/STM32F3xx_HAL_Driver/Src/stm32f3xx_hal_spi.o
                0x08003468                HAL_SPI_Init
 *fill*         0x080035be        0x2 
 .text.HAL_SPI_Receive_IT
                0x080035c0      0x160 ./Drivers/STM32F3xx_HAL_Driver/Src/stm32f3xx_hal_spi.o
                0x080035c0                HAL_SPI_Receive_IT
 .text.HAL_SPI_TransmitReceive_IT
                0x08003720      0x160 ./Drivers/STM32F3xx_HAL_Driver/Src/stm32f3xx_hal_spi.o
                0x08003720                HAL_SPI_TransmitReceive_IT
 .text.HAL_SPI_IRQHandler
                0x08003880      0x1e8 ./Drivers/STM32F3xx_HAL_Driver/Src/stm32f3xx_hal_spi.o
                0x08003880                HAL_SPI_IRQHandler
 .text.HAL_SPI_TxRxCpltCallback
                0x08003a68       0x14 ./Drivers/STM32F3xx_HAL_Driver/Src/stm32f3xx_hal_spi.o
                0x08003a68                HAL_SPI_TxRxCpltCallback
 .text.HAL_SPI_ErrorCallback
                0x08003a7c       0x14 ./Drivers/STM32F3xx_HAL_Driver/Src/stm32f3xx_hal_spi.o
                0x08003a7c                HAL_SPI_ErrorCallback
 .text.SPI_DMAAbortOnError
                0x08003a90       0x2a ./Drivers/STM32F3xx_HAL_Driver/Src/stm32f3xx_hal_spi.o
 .text.SPI_2linesRxISR_8BIT
                0x08003aba       0xbe ./Drivers/STM32F3xx_HAL_Driver/Src/stm32f3xx_hal_spi.o
 .text.SPI_2linesTxISR_8BIT
                0x08003b78       0x92 ./Drivers/STM32F3xx_HAL_Driver/Src/stm32f3xx_hal_spi.o
 .text.SPI_2linesRxISR_16BIT
                0x08003c0a       0x66 ./Drivers/STM32F3xx_HAL_Driver/Src/stm32f3xx_hal_spi.o
 .text.SPI_2linesTxISR_16BIT
                0x08003c70       0x60 ./Drivers/STM32F3xx_HAL_Driver/Src/stm32f3xx_hal_spi.o
 .text.SPI_RxISR_8BIT
                0x08003cd0       0x50 ./Drivers/STM32F3xx_HAL_Driver/Src/stm32f3xx_hal_spi.o
 .text.SPI_RxISR_16BIT
                0x08003d20       0x4c ./Drivers/STM32F3xx_HAL_Driver/Src/stm32f3xx_hal_spi.o
 .text.SPI_WaitFlagStateUntilTimeout
                0x08003d6c      0x110 ./Drivers/STM32F3xx_HAL_Driver/Src/stm32f3xx_hal_spi.o
 .text.SPI_WaitFifoStateUntilTimeout
                0x08003e7c      0x12c ./Drivers/STM32F3xx_HAL_Driver/Src/stm32f3xx_hal_spi.o
 .text.SPI_EndRxTransaction
                0x08003fa8       0xb0 ./Drivers/STM32F3xx_HAL_Driver/Src/stm32f3xx_hal_spi.o
 .text.SPI_EndRxTxTransaction
                0x08004058       0x8c ./Drivers/STM32F3xx_HAL_Driver/Src/stm32f3xx_hal_spi.o
 .text.SPI_CloseRxTx_ISR
                0x080040e4       0x84 ./Drivers/STM32F3xx_HAL_Driver/Src/stm32f3xx_hal_spi.o
 .text.SPI_CloseRx_ISR
                0x08004168       0x60 ./Drivers/STM32F3xx_HAL_Driver/Src/stm32f3xx_hal_spi.o
 .text.HAL_UART_Init
                0x080041c8       0x9c ./Drivers/STM32F3xx_HAL_Driver/Src/stm32f3xx_hal_uart.o
                0x080041c8                HAL_UART_Init
 .text.UART_SetConfig
                0x08004264      0x3a8 ./Drivers/STM32F3xx_HAL_Driver/Src/stm32f3xx_hal_uart.o
                0x08004264                UART_SetConfig
 .text.UART_AdvFeatureConfig
                0x0800460c      0x144 ./Drivers/STM32F3xx_HAL_Driver/Src/stm32f3xx_hal_uart.o
                0x0800460c                UART_AdvFeatureConfig
 .text.UART_CheckIdleState
                0x08004750      0x150 ./Drivers/STM32F3xx_HAL_Driver/Src/stm32f3xx_hal_uart.o
                0x08004750                UART_CheckIdleState
 .text.UART_WaitOnFlagUntilTimeout
                0x080048a0       0xce ./Drivers/STM32F3xx_HAL_Driver/Src/stm32f3xx_hal_uart.o
                0x080048a0                UART_WaitOnFlagUntilTimeout
 .text.UART_EndRxTransfer
                0x0800496e       0xc8 ./Drivers/STM32F3xx_HAL_Driver/Src/stm32f3xx_hal_uart.o
 .text.memcmp   0x08004a36       0x20 C:/ST/STM32CubeIDE_1.14.1/STM32CubeIDE/plugins/com.st.stm32cube.ide.mcu.externaltools.gnu-tools-for-stm32.12.3.rel1.win32_1.0.100.202403111256/tools/bin/../lib/gcc/arm-none-eabi/12.3.1/../../../../arm-none-eabi/lib/thumb/v7e-m+fp/hard\libc_nano.a(libc_a-memcmp.o)
                0x08004a36                memcmp
 .text.memset   0x08004a56       0x10 C:/ST/STM32CubeIDE_1.14.1/STM32CubeIDE/plugins/com.st.stm32cube.ide.mcu.externaltools.gnu-tools-for-stm32.12.3.rel1.win32_1.0.100.202403111256/tools/bin/../lib/gcc/arm-none-eabi/12.3.1/../../../../arm-none-eabi/lib/thumb/v7e-m+fp/hard\libc_nano.a(libc_a-memset.o)
                0x08004a56                memset
 *fill*         0x08004a66        0x2 
 .text.__libc_init_array
                0x08004a68       0x48 C:/ST/STM32CubeIDE_1.14.1/STM32CubeIDE/plugins/com.st.stm32cube.ide.mcu.externaltools.gnu-tools-for-stm32.12.3.rel1.win32_1.0.100.202403111256/tools/bin/../lib/gcc/arm-none-eabi/12.3.1/../../../../arm-none-eabi/lib/thumb/v7e-m+fp/hard\libc_nano.a(libc_a-init.o)
                0x08004a68                __libc_init_array
 .text.memcpy   0x08004ab0       0x1c C:/ST/STM32CubeIDE_1.14.1/STM32CubeIDE/plugins/com.st.stm32cube.ide.mcu.externaltools.gnu-tools-for-stm32.12.3.rel1.win32_1.0.100.202403111256/tools/bin/../lib/gcc/arm-none-eabi/12.3.1/../../../../arm-none-eabi/lib/thumb/v7e-m+fp/hard\libc_nano.a(libc_a-memcpy-stub.o)
                0x08004ab0                memcpy
 *(.glue_7)
 .glue_7        0x08004acc        0x0 linker stubs
 *(.glue_7t)
 .glue_7t       0x08004acc        0x0 linker stubs
 *(.eh_frame)
 .eh_frame      0x08004acc        0x0 C:/ST/STM32CubeIDE_1.14.1/STM32CubeIDE/plugins/com.st.stm32cube.ide.mcu.externaltools.gnu-tools-for-stm32.12.3.rel1.win32_1.0.100.202403111256/tools/bin/../lib/gcc/arm-none-eabi/12.3.1/thumb/v7e-m+fp/hard/crtbegin.o
 *(.init)
 .init          0x08004acc        0x4 C:/ST/STM32CubeIDE_1.14.1/STM32CubeIDE/plugins/com.st.stm32cube.ide.mcu.externaltools.gnu-tools-for-stm32.12.3.rel1.win32_1.0.100.202403111256/tools/bin/../lib/gcc/arm-none-eabi/12.3.1/thumb/v7e-m+fp/hard/crti.o
                0x08004acc                _init
 .init          0x08004ad0        0x8 C:/ST/STM32CubeIDE_1.14.1/STM32CubeIDE/plugins/com.st.stm32cube.ide.mcu.externaltools.gnu-tools-for-stm32.12.3.rel1.win32_1.0.100.202403111256/tools/bin/../lib/gcc/arm-none-eabi/12.3.1/thumb/v7e-m+fp/hard/crtn.o
 *(.fini)
 .fini          0x08004ad8        0x4 C:/ST/STM32CubeIDE_1.14.1/STM32CubeIDE/plugins/com.st.stm32cube.ide.mcu.externaltools.gnu-tools-for-stm32.12.3.rel1.win32_1.0.100.202403111256/tools/bin/../lib/gcc/arm-none-eabi/12.3.1/thumb/v7e-m+fp/hard/crti.o
                0x08004ad8                _fini
 .fini          0x08004adc        0x8 C:/ST/STM32CubeIDE_1.14.1/STM32CubeIDE/plugins/com.st.stm32cube.ide.mcu.externaltools.gnu-tools-for-stm32.12.3.rel1.win32_1.0.100.202403111256/tools/bin/../lib/gcc/arm-none-eabi/12.3.1/thumb/v7e-m+fp/hard/crtn.o
                0x08004ae4                        . = ALIGN (0x4)
                0x08004ae4                        _etext = .

.vfp11_veneer   0x08004ae4        0x0
 .vfp11_veneer  0x08004ae4        0x0 linker stubs

.v4_bx          0x08004ae4        0x0
 .v4_bx         0x08004ae4        0x0 linker stubs

.iplt           0x08004ae4        0x0
 .iplt          0x08004ae4        0x0 C:/ST/STM32CubeIDE_1.14.1/STM32CubeIDE/plugins/com.st.stm32cube.ide.mcu.externaltools.gnu-tools-for-stm32.12.3.rel1.win32_1.0.100.202403111256/tools/bin/../lib/gcc/arm-none-eabi/12.3.1/thumb/v7e-m+fp/hard/crtbegin.o

.rodata         0x08004ae4       0x64
                0x08004ae4                        . = ALIGN (0x4)
 *(.rodata)
 .rodata        0x08004ae4        0x8 ./Core/Src/COM/Com.o
 *(.rodata*)
 .rodata.endian_test
                0x08004aec        0x4 ./Core/Src/COM/Com.o
 .rodata.Com_SignalInitValue_SpeedSignal
                0x08004af0        0x4 ./Core/Src/COM/Com_PBCfg.o
                0x08004af0                Com_SignalInitValue_SpeedSignal
 .rodata.Com_SignalInitValue_DistSignal
                0x08004af4        0x4 ./Core/Src/COM/Com_PBCfg.o
                0x08004af4                Com_SignalInitValue_DistSignal
 .rodata.ReadingsSignal_SignalRef
                0x08004af8        0xc ./Core/Src/COM/Com_PBCfg.o
 .rodata.ComConfiguration
                0x08004b04        0xc ./Core/Src/COM/Com_PBCfg.o
                0x08004b04                ComConfiguration
 .rodata.AHBPrescTable
                0x08004b10       0x10 ./Core/Src/system_stm32f3xx.o
                0x08004b10                AHBPrescTable
 .rodata.APBPrescTable
                0x08004b20        0x8 ./Core/Src/system_stm32f3xx.o
                0x08004b20                APBPrescTable
 .rodata.aPLLMULFactorTable
                0x08004b28       0x10 ./Drivers/STM32F3xx_HAL_Driver/Src/stm32f3xx_hal_rcc.o
 .rodata.aPredivFactorTable
                0x08004b38       0x10 ./Drivers/STM32F3xx_HAL_Driver/Src/stm32f3xx_hal_rcc.o
                0x08004b48                        . = ALIGN (0x4)

.ARM.extab      0x08004b48        0x0
                0x08004b48                        . = ALIGN (0x4)
 *(.ARM.extab* .gnu.linkonce.armextab.*)
                0x08004b48                        . = ALIGN (0x4)

.ARM            0x08004b48        0x0
                0x08004b48                        . = ALIGN (0x4)
                0x08004b48                        __exidx_start = .
 *(.ARM.exidx*)
                0x08004b48                        __exidx_end = .
                0x08004b48                        . = ALIGN (0x4)

.preinit_array  0x08004b48        0x0
                0x08004b48                        . = ALIGN (0x4)
                0x08004b48                        PROVIDE (__preinit_array_start = .)
 *(.preinit_array*)
                0x08004b48                        PROVIDE (__preinit_array_end = .)
                0x08004b48                        . = ALIGN (0x4)

.init_array     0x08004b48        0x4
                0x08004b48                        . = ALIGN (0x4)
                0x08004b48                        PROVIDE (__init_array_start = .)
 *(SORT_BY_NAME(.init_array.*))
 *(.init_array*)
 .init_array    0x08004b48        0x4 C:/ST/STM32CubeIDE_1.14.1/STM32CubeIDE/plugins/com.st.stm32cube.ide.mcu.externaltools.gnu-tools-for-stm32.12.3.rel1.win32_1.0.100.202403111256/tools/bin/../lib/gcc/arm-none-eabi/12.3.1/thumb/v7e-m+fp/hard/crtbegin.o
                0x08004b4c                        PROVIDE (__init_array_end = .)
                0x08004b4c                        . = ALIGN (0x4)

.fini_array     0x08004b4c        0x4
                0x08004b4c                        . = ALIGN (0x4)
                [!provide]                        PROVIDE (__fini_array_start = .)
 *(SORT_BY_NAME(.fini_array.*))
 *(.fini_array*)
 .fini_array    0x08004b4c        0x4 C:/ST/STM32CubeIDE_1.14.1/STM32CubeIDE/plugins/com.st.stm32cube.ide.mcu.externaltools.gnu-tools-for-stm32.12.3.rel1.win32_1.0.100.202403111256/tools/bin/../lib/gcc/arm-none-eabi/12.3.1/thumb/v7e-m+fp/hard/crtbegin.o
                [!provide]                        PROVIDE (__fini_array_end = .)
                0x08004b50                        . = ALIGN (0x4)
                0x08004b50                        _sidata = LOADADDR (.data)

.rel.dyn        0x08004b50        0x0
 .rel.iplt      0x08004b50        0x0 C:/ST/STM32CubeIDE_1.14.1/STM32CubeIDE/plugins/com.st.stm32cube.ide.mcu.externaltools.gnu-tools-for-stm32.12.3.rel1.win32_1.0.100.202403111256/tools/bin/../lib/gcc/arm-none-eabi/12.3.1/thumb/v7e-m+fp/hard/crtbegin.o

.data           0x20000000      0x134 load address 0x08004b50
                0x20000000                        . = ALIGN (0x4)
                0x20000000                        _sdata = .
 *(.data)
 *(.data*)
 .data.ComSignal
                0x20000000       0xa8 ./Core/Src/COM/Com_PBCfg.o
 .data.ComIPdu  0x200000a8       0x80 ./Core/Src/COM/Com_PBCfg.o
 .data.SystemCoreClock
                0x20000128        0x4 ./Core/Src/system_stm32f3xx.o
                0x20000128                SystemCoreClock
 .data.uwTickPrio
                0x2000012c        0x4 ./Drivers/STM32F3xx_HAL_Driver/Src/stm32f3xx_hal.o
                0x2000012c                uwTickPrio
 .data.uwTickFreq
                0x20000130        0x1 ./Drivers/STM32F3xx_HAL_Driver/Src/stm32f3xx_hal.o
                0x20000130                uwTickFreq
 *(.RamFunc)
 *(.RamFunc*)
                0x20000134                        . = ALIGN (0x4)
 *fill*         0x20000131        0x3 
                0x20000134                        _edata = .
                0x08004c84                        _siccmram = LOADADDR (.ccmram)

.igot.plt       0x20000134        0x0 load address 0x08004c84
 .igot.plt      0x20000134        0x0 C:/ST/STM32CubeIDE_1.14.1/STM32CubeIDE/plugins/com.st.stm32cube.ide.mcu.externaltools.gnu-tools-for-stm32.12.3.rel1.win32_1.0.100.202403111256/tools/bin/../lib/gcc/arm-none-eabi/12.3.1/thumb/v7e-m+fp/hard/crtbegin.o

.ccmram         0x10000000        0x0 load address 0x08004c84
                0x10000000                        . = ALIGN (0x4)
                0x10000000                        _sccmram = .
 *(.ccmram)
 *(.ccmram*)
                0x10000000                        . = ALIGN (0x4)
                0x10000000                        _eccmram = .
                0x10000000                        . = ALIGN (0x4)

.bss            0x20000134      0x164
                0x20000134                        _sbss = .
                0x20000134                        __bss_start__ = _sbss
 *(.bss)
 .bss           0x20000134       0x1c C:/ST/STM32CubeIDE_1.14.1/STM32CubeIDE/plugins/com.st.stm32cube.ide.mcu.externaltools.gnu-tools-for-stm32.12.3.rel1.win32_1.0.100.202403111256/tools/bin/../lib/gcc/arm-none-eabi/12.3.1/thumb/v7e-m+fp/hard/crtbegin.o
 *(.bss*)
 .bss.ComConfig
                0x20000150        0x4 ./Core/Src/COM/Com.o
                0x20000150                ComConfig
 .bss.Com_BufferPduState
                0x20000154       0x10 ./Core/Src/COM/Com.o
                0x20000154                Com_BufferPduState
 .bss.Com_SystemEndianness
                0x20000164        0x1 ./Core/Src/COM/Com.o
                0x20000164                Com_SystemEndianness
 .bss.initStatus
                0x20000165        0x1 ./Core/Src/COM/Com.o
 *fill*         0x20000166        0x2 
 .bss.ReadingsSignal_IPduBuffer
                0x20000168        0x8 ./Core/Src/COM/Com_PBCfg.o
 .bss.hcan      0x20000170       0x28 ./Core/Src/Can/Can.o
                0x20000170                hcan
 .bss.Can_state
                0x20000198        0x1 ./Core/Src/Can/Can.o
                0x20000198                Can_state
 *fill*         0x20000199        0x3 
 .bss.hspi2     0x2000019c       0x64 ./Core/Src/main.o
                0x2000019c                hspi2
 .bss.huart2    0x20000200       0x88 ./Core/Src/main.o
                0x20000200                huart2
 .bss.pData     0x20000288        0x8 ./Core/Src/main.o
                0x20000288                pData
 .bss.recv_flag
                0x20000290        0x1 ./Core/Src/main.o
                0x20000290                recv_flag
 *fill*         0x20000291        0x3 
 .bss.uwTick    0x20000294        0x4 ./Drivers/STM32F3xx_HAL_Driver/Src/stm32f3xx_hal.o
                0x20000294                uwTick
 *(COMMON)
                0x20000298                        . = ALIGN (0x4)
                0x20000298                        _ebss = .
                0x20000298                        __bss_end__ = _ebss

._user_heap_stack
                0x20000298      0x600
                0x20000298                        . = ALIGN (0x8)
                [!provide]                        PROVIDE (end = .)
                0x20000298                        PROVIDE (_end = .)
                0x20000498                        . = (. + _Min_Heap_Size)
 *fill*         0x20000298      0x200 
                0x20000898                        . = (. + _Min_Stack_Size)
 *fill*         0x20000498      0x400 
                0x20000898                        . = ALIGN (0x8)

/DISCARD/
 libc.a(*)
 libm.a(*)
 libgcc.a(*)

.ARM.attributes
                0x00000000       0x30
 *(.ARM.attributes)
 .ARM.attributes
                0x00000000       0x22 C:/ST/STM32CubeIDE_1.14.1/STM32CubeIDE/plugins/com.st.stm32cube.ide.mcu.externaltools.gnu-tools-for-stm32.12.3.rel1.win32_1.0.100.202403111256/tools/bin/../lib/gcc/arm-none-eabi/12.3.1/thumb/v7e-m+fp/hard/crti.o
 .ARM.attributes
                0x00000022       0x34 C:/ST/STM32CubeIDE_1.14.1/STM32CubeIDE/plugins/com.st.stm32cube.ide.mcu.externaltools.gnu-tools-for-stm32.12.3.rel1.win32_1.0.100.202403111256/tools/bin/../lib/gcc/arm-none-eabi/12.3.1/thumb/v7e-m+fp/hard/crtbegin.o
 .ARM.attributes
                0x00000056       0x34 ./Core/Src/COM/Com.o
 .ARM.attributes
                0x0000008a       0x34 ./Core/Src/COM/Com_PBCfg.o
 .ARM.attributes
                0x000000be       0x34 ./Core/Src/COM/Std_Types.o
 .ARM.attributes
                0x000000f2       0x34 ./Core/Src/Can/Can.o
 .ARM.attributes
                0x00000126       0x34 ./Core/Src/main.o
 .ARM.attributes
                0x0000015a       0x34 ./Core/Src/stm32f3xx_hal_msp.o
 .ARM.attributes
                0x0000018e       0x34 ./Core/Src/stm32f3xx_it.o
 .ARM.attributes
                0x000001c2       0x34 ./Core/Src/system_stm32f3xx.o
 .ARM.attributes
                0x000001f6       0x21 ./Core/Startup/startup_stm32f303retx.o
 .ARM.attributes
                0x00000217       0x34 ./Drivers/STM32F3xx_HAL_Driver/Src/stm32f3xx_hal.o
 .ARM.attributes
                0x0000024b       0x34 ./Drivers/STM32F3xx_HAL_Driver/Src/stm32f3xx_hal_can.o
 .ARM.attributes
                0x0000027f       0x34 ./Drivers/STM32F3xx_HAL_Driver/Src/stm32f3xx_hal_cortex.o
 .ARM.attributes
                0x000002b3       0x34 ./Drivers/STM32F3xx_HAL_Driver/Src/stm32f3xx_hal_dma.o
 .ARM.attributes
                0x000002e7       0x34 ./Drivers/STM32F3xx_HAL_Driver/Src/stm32f3xx_hal_gpio.o
 .ARM.attributes
                0x0000031b       0x34 ./Drivers/STM32F3xx_HAL_Driver/Src/stm32f3xx_hal_rcc.o
 .ARM.attributes
                0x0000034f       0x34 ./Drivers/STM32F3xx_HAL_Driver/Src/stm32f3xx_hal_rcc_ex.o
 .ARM.attributes
                0x00000383       0x34 ./Drivers/STM32F3xx_HAL_Driver/Src/stm32f3xx_hal_spi.o
 .ARM.attributes
                0x000003b7       0x34 ./Drivers/STM32F3xx_HAL_Driver/Src/stm32f3xx_hal_uart.o
 .ARM.attributes
                0x000003eb       0x34 C:/ST/STM32CubeIDE_1.14.1/STM32CubeIDE/plugins/com.st.stm32cube.ide.mcu.externaltools.gnu-tools-for-stm32.12.3.rel1.win32_1.0.100.202403111256/tools/bin/../lib/gcc/arm-none-eabi/12.3.1/../../../../arm-none-eabi/lib/thumb/v7e-m+fp/hard\libc_nano.a(libc_a-memcmp.o)
 .ARM.attributes
                0x0000041f       0x34 C:/ST/STM32CubeIDE_1.14.1/STM32CubeIDE/plugins/com.st.stm32cube.ide.mcu.externaltools.gnu-tools-for-stm32.12.3.rel1.win32_1.0.100.202403111256/tools/bin/../lib/gcc/arm-none-eabi/12.3.1/../../../../arm-none-eabi/lib/thumb/v7e-m+fp/hard\libc_nano.a(libc_a-memset.o)
 .ARM.attributes
                0x00000453       0x34 C:/ST/STM32CubeIDE_1.14.1/STM32CubeIDE/plugins/com.st.stm32cube.ide.mcu.externaltools.gnu-tools-for-stm32.12.3.rel1.win32_1.0.100.202403111256/tools/bin/../lib/gcc/arm-none-eabi/12.3.1/../../../../arm-none-eabi/lib/thumb/v7e-m+fp/hard\libc_nano.a(libc_a-init.o)
 .ARM.attributes
                0x00000487       0x34 C:/ST/STM32CubeIDE_1.14.1/STM32CubeIDE/plugins/com.st.stm32cube.ide.mcu.externaltools.gnu-tools-for-stm32.12.3.rel1.win32_1.0.100.202403111256/tools/bin/../lib/gcc/arm-none-eabi/12.3.1/../../../../arm-none-eabi/lib/thumb/v7e-m+fp/hard\libc_nano.a(libc_a-memcpy-stub.o)
 .ARM.attributes
                0x000004bb       0x22 C:/ST/STM32CubeIDE_1.14.1/STM32CubeIDE/plugins/com.st.stm32cube.ide.mcu.externaltools.gnu-tools-for-stm32.12.3.rel1.win32_1.0.100.202403111256/tools/bin/../lib/gcc/arm-none-eabi/12.3.1/thumb/v7e-m+fp/hard/crtn.o
OUTPUT(CommunicationController.elf elf32-littlearm)
LOAD linker stubs
LOAD C:/ST/STM32CubeIDE_1.14.1/STM32CubeIDE/plugins/com.st.stm32cube.ide.mcu.externaltools.gnu-tools-for-stm32.12.3.rel1.win32_1.0.100.202403111256/tools/bin/../lib/gcc/arm-none-eabi/12.3.1/../../../../arm-none-eabi/lib/thumb/v7e-m+fp/hard\libc.a
LOAD C:/ST/STM32CubeIDE_1.14.1/STM32CubeIDE/plugins/com.st.stm32cube.ide.mcu.externaltools.gnu-tools-for-stm32.12.3.rel1.win32_1.0.100.202403111256/tools/bin/../lib/gcc/arm-none-eabi/12.3.1/../../../../arm-none-eabi/lib/thumb/v7e-m+fp/hard\libm.a
LOAD C:/ST/STM32CubeIDE_1.14.1/STM32CubeIDE/plugins/com.st.stm32cube.ide.mcu.externaltools.gnu-tools-for-stm32.12.3.rel1.win32_1.0.100.202403111256/tools/bin/../lib/gcc/arm-none-eabi/12.3.1/thumb/v7e-m+fp/hard\libgcc.a

.debug_info     0x00000000     0xec52
 .debug_info    0x00000000      0xe6d ./Core/Src/COM/Com.o
 .debug_info    0x00000e6d      0x609 ./Core/Src/COM/Com_PBCfg.o
 .debug_info    0x00001476       0x84 ./Core/Src/COM/Std_Types.o
 .debug_info    0x000014fa      0x770 ./Core/Src/Can/Can.o
 .debug_info    0x00001c6a     0x15f8 ./Core/Src/main.o
 .debug_info    0x00003262     0x12cf ./Core/Src/stm32f3xx_hal_msp.o
 .debug_info    0x00004531      0x637 ./Core/Src/stm32f3xx_it.o
 .debug_info    0x00004b68      0x407 ./Core/Src/system_stm32f3xx.o
 .debug_info    0x00004f6f       0x30 ./Core/Startup/startup_stm32f303retx.o
 .debug_info    0x00004f9f      0x804 ./Drivers/STM32F3xx_HAL_Driver/Src/stm32f3xx_hal.o
 .debug_info    0x000057a3      0xf1b ./Drivers/STM32F3xx_HAL_Driver/Src/stm32f3xx_hal_can.o
 .debug_info    0x000066be      0xcdf ./Drivers/STM32F3xx_HAL_Driver/Src/stm32f3xx_hal_cortex.o
 .debug_info    0x0000739d      0x6e1 ./Drivers/STM32F3xx_HAL_Driver/Src/stm32f3xx_hal_dma.o
 .debug_info    0x00007a7e      0x6a6 ./Drivers/STM32F3xx_HAL_Driver/Src/stm32f3xx_hal_gpio.o
 .debug_info    0x00008124     0x1501 ./Drivers/STM32F3xx_HAL_Driver/Src/stm32f3xx_hal_rcc.o
 .debug_info    0x00009625      0x663 ./Drivers/STM32F3xx_HAL_Driver/Src/stm32f3xx_hal_rcc_ex.o
 .debug_info    0x00009c88     0x1622 ./Drivers/STM32F3xx_HAL_Driver/Src/stm32f3xx_hal_spi.o
 .debug_info    0x0000b2aa     0x39a8 ./Drivers/STM32F3xx_HAL_Driver/Src/stm32f3xx_hal_uart.o

.debug_abbrev   0x00000000     0x23ee
 .debug_abbrev  0x00000000      0x2c3 ./Core/Src/COM/Com.o
 .debug_abbrev  0x000002c3      0x130 ./Core/Src/COM/Com_PBCfg.o
 .debug_abbrev  0x000003f3       0x5b ./Core/Src/COM/Std_Types.o
 .debug_abbrev  0x0000044e      0x1f4 ./Core/Src/Can/Can.o
 .debug_abbrev  0x00000642      0x30c ./Core/Src/main.o
 .debug_abbrev  0x0000094e      0x20d ./Core/Src/stm32f3xx_hal_msp.o
 .debug_abbrev  0x00000b5b      0x17f ./Core/Src/stm32f3xx_it.o
 .debug_abbrev  0x00000cda      0x11a ./Core/Src/system_stm32f3xx.o
 .debug_abbrev  0x00000df4       0x24 ./Core/Startup/startup_stm32f303retx.o
 .debug_abbrev  0x00000e18      0x215 ./Drivers/STM32F3xx_HAL_Driver/Src/stm32f3xx_hal.o
 .debug_abbrev  0x0000102d      0x242 ./Drivers/STM32F3xx_HAL_Driver/Src/stm32f3xx_hal_can.o
 .debug_abbrev  0x0000126f      0x329 ./Drivers/STM32F3xx_HAL_Driver/Src/stm32f3xx_hal_cortex.o
 .debug_abbrev  0x00001598      0x20d ./Drivers/STM32F3xx_HAL_Driver/Src/stm32f3xx_hal_dma.o
 .debug_abbrev  0x000017a5      0x1ca ./Drivers/STM32F3xx_HAL_Driver/Src/stm32f3xx_hal_gpio.o
 .debug_abbrev  0x0000196f      0x300 ./Drivers/STM32F3xx_HAL_Driver/Src/stm32f3xx_hal_rcc.o
 .debug_abbrev  0x00001c6f      0x245 ./Drivers/STM32F3xx_HAL_Driver/Src/stm32f3xx_hal_rcc_ex.o
 .debug_abbrev  0x00001eb4      0x269 ./Drivers/STM32F3xx_HAL_Driver/Src/stm32f3xx_hal_spi.o
 .debug_abbrev  0x0000211d      0x2d1 ./Drivers/STM32F3xx_HAL_Driver/Src/stm32f3xx_hal_uart.o

.debug_aranges  0x00000000      0xaf8
 .debug_aranges
                0x00000000       0x70 ./Core/Src/COM/Com.o
 .debug_aranges
                0x00000070       0x18 ./Core/Src/COM/Com_PBCfg.o
 .debug_aranges
                0x00000088       0x20 ./Core/Src/COM/Std_Types.o
 .debug_aranges
                0x000000a8       0x28 ./Core/Src/Can/Can.o
 .debug_aranges
                0x000000d0       0x50 ./Core/Src/main.o
 .debug_aranges
                0x00000120       0x50 ./Core/Src/stm32f3xx_hal_msp.o
 .debug_aranges
                0x00000170       0x68 ./Core/Src/stm32f3xx_it.o
 .debug_aranges
                0x000001d8       0x28 ./Core/Src/system_stm32f3xx.o
 .debug_aranges
                0x00000200       0x28 ./Core/Startup/startup_stm32f303retx.o
 .debug_aranges
                0x00000228       0xe0 ./Drivers/STM32F3xx_HAL_Driver/Src/stm32f3xx_hal.o
 .debug_aranges
                0x00000308      0x138 ./Drivers/STM32F3xx_HAL_Driver/Src/stm32f3xx_hal_can.o
 .debug_aranges
                0x00000440      0x118 ./Drivers/STM32F3xx_HAL_Driver/Src/stm32f3xx_hal_cortex.o
 .debug_aranges
                0x00000558       0x88 ./Drivers/STM32F3xx_HAL_Driver/Src/stm32f3xx_hal_dma.o
 .debug_aranges
                0x000005e0       0x58 ./Drivers/STM32F3xx_HAL_Driver/Src/stm32f3xx_hal_gpio.o
 .debug_aranges
                0x00000638       0x88 ./Drivers/STM32F3xx_HAL_Driver/Src/stm32f3xx_hal_rcc.o
 .debug_aranges
                0x000006c0       0x38 ./Drivers/STM32F3xx_HAL_Driver/Src/stm32f3xx_hal_rcc_ex.o
 .debug_aranges
                0x000006f8      0x1d8 ./Drivers/STM32F3xx_HAL_Driver/Src/stm32f3xx_hal_spi.o
 .debug_aranges
                0x000008d0      0x228 ./Drivers/STM32F3xx_HAL_Driver/Src/stm32f3xx_hal_uart.o

.debug_rnglists
                0x00000000      0x874
 .debug_rnglists
                0x00000000       0x71 ./Core/Src/COM/Com.o
 .debug_rnglists
                0x00000071       0x13 ./Core/Src/COM/Std_Types.o
 .debug_rnglists
                0x00000084       0x19 ./Core/Src/Can/Can.o
 .debug_rnglists
                0x0000009d       0x39 ./Core/Src/main.o
 .debug_rnglists
                0x000000d6       0x3a ./Core/Src/stm32f3xx_hal_msp.o
 .debug_rnglists
                0x00000110       0x49 ./Core/Src/stm32f3xx_it.o
 .debug_rnglists
                0x00000159       0x1a ./Core/Src/system_stm32f3xx.o
 .debug_rnglists
                0x00000173       0x19 ./Core/Startup/startup_stm32f303retx.o
 .debug_rnglists
                0x0000018c       0xa3 ./Drivers/STM32F3xx_HAL_Driver/Src/stm32f3xx_hal.o
 .debug_rnglists
                0x0000022f       0xee ./Drivers/STM32F3xx_HAL_Driver/Src/stm32f3xx_hal_can.o
 .debug_rnglists
                0x0000031d       0xce ./Drivers/STM32F3xx_HAL_Driver/Src/stm32f3xx_hal_cortex.o
 .debug_rnglists
                0x000003eb       0x69 ./Drivers/STM32F3xx_HAL_Driver/Src/stm32f3xx_hal_dma.o
 .debug_rnglists
                0x00000454       0x3f ./Drivers/STM32F3xx_HAL_Driver/Src/stm32f3xx_hal_gpio.o
 .debug_rnglists
                0x00000493       0x66 ./Drivers/STM32F3xx_HAL_Driver/Src/stm32f3xx_hal_rcc.o
 .debug_rnglists
                0x000004f9       0x29 ./Drivers/STM32F3xx_HAL_Driver/Src/stm32f3xx_hal_rcc_ex.o
 .debug_rnglists
                0x00000522      0x178 ./Drivers/STM32F3xx_HAL_Driver/Src/stm32f3xx_hal_spi.o
 .debug_rnglists
                0x0000069a      0x1da ./Drivers/STM32F3xx_HAL_Driver/Src/stm32f3xx_hal_uart.o

.debug_macro    0x00000000    0x20ef6
 .debug_macro   0x00000000      0x187 ./Core/Src/COM/Com.o
 .debug_macro   0x00000187      0xab4 ./Core/Src/COM/Com.o
 .debug_macro   0x00000c3b       0x76 ./Core/Src/COM/Com.o
 .debug_macro   0x00000cb1       0x1c ./Core/Src/COM/Com.o
 .debug_macro   0x00000ccd       0x58 ./Core/Src/COM/Com.o
 .debug_macro   0x00000d25       0x40 ./Core/Src/COM/Com.o
 .debug_macro   0x00000d65      0x12b ./Core/Src/COM/Com.o
 .debug_macro   0x00000e90       0xac ./Core/Src/COM/Com.o
 .debug_macro   0x00000f3c       0x6a ./Core/Src/COM/Com.o
 .debug_macro   0x00000fa6       0x1c ./Core/Src/COM/Com.o
 .debug_macro   0x00000fc2       0x22 ./Core/Src/COM/Com.o
 .debug_macro   0x00000fe4       0x5b ./Core/Src/COM/Com.o
 .debug_macro   0x0000103f       0x2a ./Core/Src/COM/Com.o
 .debug_macro   0x00001069       0x94 ./Core/Src/COM/Com.o
 .debug_macro   0x000010fd       0x43 ./Core/Src/COM/Com.o
 .debug_macro   0x00001140       0x34 ./Core/Src/COM/Com.o
 .debug_macro   0x00001174      0x189 ./Core/Src/COM/Com.o
 .debug_macro   0x000012fd       0x16 ./Core/Src/COM/Com.o
 .debug_macro   0x00001313       0x43 ./Core/Src/COM/Com.o
 .debug_macro   0x00001356       0x57 ./Core/Src/COM/Com.o
 .debug_macro   0x000013ad       0x34 ./Core/Src/COM/Com.o
 .debug_macro   0x000013e1       0x10 ./Core/Src/COM/Com.o
 .debug_macro   0x000013f1       0x58 ./Core/Src/COM/Com.o
 .debug_macro   0x00001449       0x8e ./Core/Src/COM/Com.o
 .debug_macro   0x000014d7       0x1c ./Core/Src/COM/Com.o
 .debug_macro   0x000014f3      0x177 ./Core/Src/COM/Com.o
 .debug_macro   0x0000166a      0x369 ./Core/Src/COM/Com.o
 .debug_macro   0x000019d3       0x10 ./Core/Src/COM/Com.o
 .debug_macro   0x000019e3       0x35 ./Core/Src/COM/Com.o
 .debug_macro   0x00001a18       0x20 ./Core/Src/COM/Com.o
 .debug_macro   0x00001a38       0x4f ./Core/Src/COM/Com_PBCfg.o
 .debug_macro   0x00001a87       0x16 ./Core/Src/COM/Com_PBCfg.o
 .debug_macro   0x00001a9d       0x1a ./Core/Src/COM/Std_Types.o
 .debug_macro   0x00001ab7      0x321 ./Core/Src/Can/Can.o
 .debug_macro   0x00001dd8      0x15d ./Core/Src/Can/Can.o
 .debug_macro   0x00001f35       0x2e ./Core/Src/Can/Can.o
 .debug_macro   0x00001f63       0x28 ./Core/Src/Can/Can.o
 .debug_macro   0x00001f8b       0x8e ./Core/Src/Can/Can.o
 .debug_macro   0x00002019       0x51 ./Core/Src/Can/Can.o
 .debug_macro   0x0000206a      0x103 ./Core/Src/Can/Can.o
 .debug_macro   0x0000216d       0x6a ./Core/Src/Can/Can.o
 .debug_macro   0x000021d7      0x1df ./Core/Src/Can/Can.o
 .debug_macro   0x000023b6       0x1c ./Core/Src/Can/Can.o
 .debug_macro   0x000023d2       0x22 ./Core/Src/Can/Can.o
 .debug_macro   0x000023f4       0xd9 ./Core/Src/Can/Can.o
 .debug_macro   0x000024cd     0x102d ./Core/Src/Can/Can.o
 .debug_macro   0x000034fa      0x11f ./Core/Src/Can/Can.o
 .debug_macro   0x00003619    0x1535a ./Core/Src/Can/Can.o
 .debug_macro   0x00018973       0x6d ./Core/Src/Can/Can.o
 .debug_macro   0x000189e0     0x3558 ./Core/Src/Can/Can.o
 .debug_macro   0x0001bf38       0x55 ./Core/Src/Can/Can.o
 .debug_macro   0x0001bf8d      0x953 ./Core/Src/Can/Can.o
 .debug_macro   0x0001c8e0      0x84a ./Core/Src/Can/Can.o
 .debug_macro   0x0001d12a      0x1b5 ./Core/Src/Can/Can.o
 .debug_macro   0x0001d2df      0x23a ./Core/Src/Can/Can.o
 .debug_macro   0x0001d519      0x1ea ./Core/Src/Can/Can.o
 .debug_macro   0x0001d703      0x1bc ./Core/Src/Can/Can.o
 .debug_macro   0x0001d8bf       0x30 ./Core/Src/Can/Can.o
 .debug_macro   0x0001d8ef       0x3c ./Core/Src/Can/Can.o
 .debug_macro   0x0001d92b      0x235 ./Core/Src/Can/Can.o
 .debug_macro   0x0001db60      0x408 ./Core/Src/Can/Can.o
 .debug_macro   0x0001df68       0xc5 ./Core/Src/Can/Can.o
 .debug_macro   0x0001e02d      0x21d ./Core/Src/Can/Can.o
 .debug_macro   0x0001e24a      0x22c ./Core/Src/Can/Can.o
 .debug_macro   0x0001e476       0x5b ./Core/Src/Can/Can.o
 .debug_macro   0x0001e4d1       0xa5 ./Core/Src/Can/Can.o
 .debug_macro   0x0001e576       0x81 ./Core/Src/Can/Can.o
 .debug_macro   0x0001e5f7       0xd3 ./Core/Src/Can/Can.o
 .debug_macro   0x0001e6ca      0x2fe ./Core/Src/Can/Can.o
 .debug_macro   0x0001e9c8      0x5ba ./Core/Src/Can/Can.o
 .debug_macro   0x0001ef82       0x44 ./Core/Src/Can/Can.o
 .debug_macro   0x0001efc6      0x347 ./Core/Src/Can/Can.o
 .debug_macro   0x0001f30d       0x61 ./Core/Src/Can/Can.o
 .debug_macro   0x0001f36e       0x16 ./Core/Src/Can/Can.o
 .debug_macro   0x0001f384       0x16 ./Core/Src/Can/Can.o
 .debug_macro   0x0001f39a       0x29 ./Core/Src/Can/Can.o
 .debug_macro   0x0001f3c3       0x16 ./Core/Src/Can/Can.o
 .debug_macro   0x0001f3d9      0x321 ./Core/Src/main.o
 .debug_macro   0x0001f6fa       0x58 ./Core/Src/main.o
 .debug_macro   0x0001f752       0x52 ./Core/Src/main.o
 .debug_macro   0x0001f7a4       0x16 ./Core/Src/main.o
 .debug_macro   0x0001f7ba      0x1f1 ./Core/Src/stm32f3xx_hal_msp.o
 .debug_macro   0x0001f9ab      0x1fb ./Core/Src/stm32f3xx_it.o
 .debug_macro   0x0001fba6      0x1e2 ./Core/Src/system_stm32f3xx.o
 .debug_macro   0x0001fd88      0x206 ./Drivers/STM32F3xx_HAL_Driver/Src/stm32f3xx_hal.o
 .debug_macro   0x0001ff8e      0x1ea ./Drivers/STM32F3xx_HAL_Driver/Src/stm32f3xx_hal_can.o
 .debug_macro   0x00020178      0x1e2 ./Drivers/STM32F3xx_HAL_Driver/Src/stm32f3xx_hal_cortex.o
 .debug_macro   0x0002035a      0x1e2 ./Drivers/STM32F3xx_HAL_Driver/Src/stm32f3xx_hal_dma.o
 .debug_macro   0x0002053c      0x1e9 ./Drivers/STM32F3xx_HAL_Driver/Src/stm32f3xx_hal_gpio.o
 .debug_macro   0x00020725      0x206 ./Drivers/STM32F3xx_HAL_Driver/Src/stm32f3xx_hal_rcc.o
 .debug_macro   0x0002092b      0x1e2 ./Drivers/STM32F3xx_HAL_Driver/Src/stm32f3xx_hal_rcc_ex.o
 .debug_macro   0x00020b0d      0x1ea ./Drivers/STM32F3xx_HAL_Driver/Src/stm32f3xx_hal_spi.o
 .debug_macro   0x00020cf7      0x1ff ./Drivers/STM32F3xx_HAL_Driver/Src/stm32f3xx_hal_uart.o

.debug_line     0x00000000     0xf50f
 .debug_line    0x00000000      0xe0b ./Core/Src/COM/Com.o
 .debug_line    0x00000e0b       0x84 ./Core/Src/COM/Com_PBCfg.o
 .debug_line    0x00000e8f       0x5d ./Core/Src/COM/Std_Types.o
 .debug_line    0x00000eec      0x9cd ./Core/Src/Can/Can.o
 .debug_line    0x000018b9      0xb1d ./Core/Src/main.o
 .debug_line    0x000023d6      0x87b ./Core/Src/stm32f3xx_hal_msp.o
 .debug_line    0x00002c51      0x86b ./Core/Src/stm32f3xx_it.o
 .debug_line    0x000034bc      0x80f ./Core/Src/system_stm32f3xx.o
 .debug_line    0x00003ccb       0x7a ./Core/Startup/startup_stm32f303retx.o
 .debug_line    0x00003d45      0xa42 ./Drivers/STM32F3xx_HAL_Driver/Src/stm32f3xx_hal.o
 .debug_line    0x00004787     0x121f ./Drivers/STM32F3xx_HAL_Driver/Src/stm32f3xx_hal_can.o
 .debug_line    0x000059a6      0xd05 ./Drivers/STM32F3xx_HAL_Driver/Src/stm32f3xx_hal_cortex.o
 .debug_line    0x000066ab      0xd4e ./Drivers/STM32F3xx_HAL_Driver/Src/stm32f3xx_hal_dma.o
 .debug_line    0x000073f9      0xbe1 ./Drivers/STM32F3xx_HAL_Driver/Src/stm32f3xx_hal_gpio.o
 .debug_line    0x00007fda     0x142e ./Drivers/STM32F3xx_HAL_Driver/Src/stm32f3xx_hal_rcc.o
 .debug_line    0x00009408      0xf81 ./Drivers/STM32F3xx_HAL_Driver/Src/stm32f3xx_hal_rcc_ex.o
 .debug_line    0x0000a389     0x1ff8 ./Drivers/STM32F3xx_HAL_Driver/Src/stm32f3xx_hal_spi.o
 .debug_line    0x0000c381     0x318e ./Drivers/STM32F3xx_HAL_Driver/Src/stm32f3xx_hal_uart.o

.debug_str      0x00000000    0xc614e
 .debug_str     0x00000000     0x82c0 ./Core/Src/COM/Com.o
                               0x8434 (size before relaxing)
 .debug_str     0x000082c0       0x9f ./Core/Src/COM/Com_PBCfg.o
                               0x402f (size before relaxing)
 .debug_str     0x0000835f       0x1c ./Core/Src/COM/Std_Types.o
                               0x2fff (size before relaxing)
 .debug_str     0x0000837b    0xbab55 ./Core/Src/Can/Can.o
                              0xc20a9 (size before relaxing)
 .debug_str     0x000c2ed0      0xb5e ./Core/Src/main.o
                              0xc3627 (size before relaxing)
 .debug_str     0x000c3a2e      0x474 ./Core/Src/stm32f3xx_hal_msp.o
                              0xbf17c (size before relaxing)
 .debug_str     0x000c3ea2       0xec ./Core/Src/stm32f3xx_it.o
                              0xbe7a8 (size before relaxing)
 .debug_str     0x000c3f8e       0xdf ./Core/Src/system_stm32f3xx.o
                              0xbe2e0 (size before relaxing)
 .debug_str     0x000c406d       0x44 ./Core/Startup/startup_stm32f303retx.o
                                 0x89 (size before relaxing)
 .debug_str     0x000c40b1      0x37a ./Drivers/STM32F3xx_HAL_Driver/Src/stm32f3xx_hal.o
                              0xbeb89 (size before relaxing)
 .debug_str     0x000c442b      0x517 ./Drivers/STM32F3xx_HAL_Driver/Src/stm32f3xx_hal_can.o
                              0xbea67 (size before relaxing)
 .debug_str     0x000c4942      0x320 ./Drivers/STM32F3xx_HAL_Driver/Src/stm32f3xx_hal_cortex.o
                              0xbebdb (size before relaxing)
 .debug_str     0x000c4c62      0x24d ./Drivers/STM32F3xx_HAL_Driver/Src/stm32f3xx_hal_dma.o
                              0xbe628 (size before relaxing)
 .debug_str     0x000c4eaf      0x185 ./Drivers/STM32F3xx_HAL_Driver/Src/stm32f3xx_hal_gpio.o
                              0xbe4c5 (size before relaxing)
 .debug_str     0x000c5034      0x2cf ./Drivers/STM32F3xx_HAL_Driver/Src/stm32f3xx_hal_rcc.o
                              0xbe784 (size before relaxing)
 .debug_str     0x000c5303       0xbe ./Drivers/STM32F3xx_HAL_Driver/Src/stm32f3xx_hal_rcc_ex.o
                              0xbe5ce (size before relaxing)
 .debug_str     0x000c53c1      0x53b ./Drivers/STM32F3xx_HAL_Driver/Src/stm32f3xx_hal_spi.o
                              0xbec06 (size before relaxing)
 .debug_str     0x000c58fc      0x852 ./Drivers/STM32F3xx_HAL_Driver/Src/stm32f3xx_hal_uart.o
                              0xbf003 (size before relaxing)

.comment        0x00000000       0x43
 .comment       0x00000000       0x43 ./Core/Src/COM/Com.o
                                 0x44 (size before relaxing)
 .comment       0x00000043       0x44 ./Core/Src/COM/Com_PBCfg.o
 .comment       0x00000043       0x44 ./Core/Src/COM/Std_Types.o
 .comment       0x00000043       0x44 ./Core/Src/Can/Can.o
 .comment       0x00000043       0x44 ./Core/Src/main.o
 .comment       0x00000043       0x44 ./Core/Src/stm32f3xx_hal_msp.o
 .comment       0x00000043       0x44 ./Core/Src/stm32f3xx_it.o
 .comment       0x00000043       0x44 ./Core/Src/system_stm32f3xx.o
 .comment       0x00000043       0x44 ./Drivers/STM32F3xx_HAL_Driver/Src/stm32f3xx_hal.o
 .comment       0x00000043       0x44 ./Drivers/STM32F3xx_HAL_Driver/Src/stm32f3xx_hal_can.o
 .comment       0x00000043       0x44 ./Drivers/STM32F3xx_HAL_Driver/Src/stm32f3xx_hal_cortex.o
 .comment       0x00000043       0x44 ./Drivers/STM32F3xx_HAL_Driver/Src/stm32f3xx_hal_dma.o
 .comment       0x00000043       0x44 ./Drivers/STM32F3xx_HAL_Driver/Src/stm32f3xx_hal_gpio.o
 .comment       0x00000043       0x44 ./Drivers/STM32F3xx_HAL_Driver/Src/stm32f3xx_hal_rcc.o
 .comment       0x00000043       0x44 ./Drivers/STM32F3xx_HAL_Driver/Src/stm32f3xx_hal_rcc_ex.o
 .comment       0x00000043       0x44 ./Drivers/STM32F3xx_HAL_Driver/Src/stm32f3xx_hal_spi.o
 .comment       0x00000043       0x44 ./Drivers/STM32F3xx_HAL_Driver/Src/stm32f3xx_hal_uart.o

.debug_frame    0x00000000     0x2c48
 .debug_frame   0x00000000      0x1b0 ./Core/Src/COM/Com.o
 .debug_frame   0x000001b0       0x44 ./Core/Src/COM/Std_Types.o
 .debug_frame   0x000001f4       0x58 ./Core/Src/Can/Can.o
 .debug_frame   0x0000024c       0xf4 ./Core/Src/main.o
 .debug_frame   0x00000340      0x10c ./Core/Src/stm32f3xx_hal_msp.o
 .debug_frame   0x0000044c      0x120 ./Core/Src/stm32f3xx_it.o
 .debug_frame   0x0000056c       0x58 ./Core/Src/system_stm32f3xx.o
 .debug_frame   0x000005c4      0x334 ./Drivers/STM32F3xx_HAL_Driver/Src/stm32f3xx_hal.o
 .debug_frame   0x000008f8      0x5a0 ./Drivers/STM32F3xx_HAL_Driver/Src/stm32f3xx_hal_can.o
 .debug_frame   0x00000e98      0x498 ./Drivers/STM32F3xx_HAL_Driver/Src/stm32f3xx_hal_cortex.o
 .debug_frame   0x00001330      0x224 ./Drivers/STM32F3xx_HAL_Driver/Src/stm32f3xx_hal_dma.o
 .debug_frame   0x00001554      0x14c ./Drivers/STM32F3xx_HAL_Driver/Src/stm32f3xx_hal_gpio.o
 .debug_frame   0x000016a0      0x214 ./Drivers/STM32F3xx_HAL_Driver/Src/stm32f3xx_hal_rcc.o
 .debug_frame   0x000018b4       0xb0 ./Drivers/STM32F3xx_HAL_Driver/Src/stm32f3xx_hal_rcc_ex.o
 .debug_frame   0x00001964      0x860 ./Drivers/STM32F3xx_HAL_Driver/Src/stm32f3xx_hal_spi.o
 .debug_frame   0x000021c4      0x9e8 ./Drivers/STM32F3xx_HAL_Driver/Src/stm32f3xx_hal_uart.o
 .debug_frame   0x00002bac       0x28 C:/ST/STM32CubeIDE_1.14.1/STM32CubeIDE/plugins/com.st.stm32cube.ide.mcu.externaltools.gnu-tools-for-stm32.12.3.rel1.win32_1.0.100.202403111256/tools/bin/../lib/gcc/arm-none-eabi/12.3.1/../../../../arm-none-eabi/lib/thumb/v7e-m+fp/hard\libc_nano.a(libc_a-memcmp.o)
 .debug_frame   0x00002bd4       0x20 C:/ST/STM32CubeIDE_1.14.1/STM32CubeIDE/plugins/com.st.stm32cube.ide.mcu.externaltools.gnu-tools-for-stm32.12.3.rel1.win32_1.0.100.202403111256/tools/bin/../lib/gcc/arm-none-eabi/12.3.1/../../../../arm-none-eabi/lib/thumb/v7e-m+fp/hard\libc_nano.a(libc_a-memset.o)
 .debug_frame   0x00002bf4       0x2c C:/ST/STM32CubeIDE_1.14.1/STM32CubeIDE/plugins/com.st.stm32cube.ide.mcu.externaltools.gnu-tools-for-stm32.12.3.rel1.win32_1.0.100.202403111256/tools/bin/../lib/gcc/arm-none-eabi/12.3.1/../../../../arm-none-eabi/lib/thumb/v7e-m+fp/hard\libc_nano.a(libc_a-init.o)
 .debug_frame   0x00002c20       0x28 C:/ST/STM32CubeIDE_1.14.1/STM32CubeIDE/plugins/com.st.stm32cube.ide.mcu.externaltools.gnu-tools-for-stm32.12.3.rel1.win32_1.0.100.202403111256/tools/bin/../lib/gcc/arm-none-eabi/12.3.1/../../../../arm-none-eabi/lib/thumb/v7e-m+fp/hard\libc_nano.a(libc_a-memcpy-stub.o)

.debug_line_str
                0x00000000       0x6d
 .debug_line_str
                0x00000000       0x6d ./Core/Startup/startup_stm32f303retx.o
